exit 0
--- stdout
Radar gate: PASS (static) — static checks passed; tests not run yet
2 branches onto main @ 84d71f0816ed

  agent-backend   a83463cb9da1  1 file changed
  agent-frontend  2ca59cad7425  1 file changed
  · skipped: agent-idle (no commits beyond main)

  ✓ Merge      branches merge without conflicts
  · Contracts  none declared, so no contract was checked (radar discover proposes candidates)
  ? Tests      combined tree not tested yet (add --run)
  policy supported-integration requires textual_merge, no_breaking_contracts

Suggested tests (static relationships; not run)
  python3 -m unittest discover -s . -p test_checkout.py  (in .)

Next: radar gate --run
Details: add --json. Radar never touches your branches; the combination is built in private Git state.
--- stderr
