isError true
{"agent_brief":{"changed_file_count":0,"changed_files":null,"contract_impact":[],"must_repair":[],"must_repair_count":0,"tests":{"executed":[],"executed_count":0,"failed":[],"not_run":[]},"verify_next":[]},"detail_hint":"Use detail=true or CLI --json for full provenance and inventory.","status":"error","suggested_repair_attempts":2}
